Using pre-set license
Built from '2021.3/staging' branch; Version is '2021.3.5f1 (40eb3a945986) revision 4254522'; Using compiler version '192829333'; Build Type 'Release'
OS: 'Windows 10  (10.0.19045) 64bit CoreSingleLanguage' Language: 'ru' Physical Memory: 4011 MB
BatchMode: 1, IsHumanControllingUs: 0, StartBugReporterOnCrash: 0, Is64bit: 1, IsPro: 1

COMMAND LINE ARGUMENTS:
C:\Program Files\Unity\Hub\Editor\2021.3.5f1\Editor\Unity.exe
-adb2
-batchMode
-noUpm
-name
AssetImportWorker2
-projectPath
C:/Users/user/Documents/GitHub/3D
-logFile
Logs/AssetImportWorker2.log
-srvPort
62112
Successfully changed project path to: C:/Users/user/Documents/GitHub/3D
C:/Users/user/Documents/GitHub/3D
[UnityMemory] Configuration Parameters - Can be set up in boot.config
    "memorysetup-bucket-allocator-granularity=16"
    "memorysetup-bucket-allocator-bucket-count=8"
    "memorysetup-bucket-allocator-block-size=33554432"
    "memorysetup-bucket-allocator-block-count=8"
    "memorysetup-main-allocator-block-size=16777216"
    "memorysetup-thread-allocator-block-size=16777216"
    "memorysetup-gfx-main-allocator-block-size=16777216"
    "memorysetup-gfx-thread-allocator-block-size=16777216"
    "memorysetup-cache-allocator-block-size=4194304"
    "memorysetup-typetree-allocator-block-size=2097152"
    "memorysetup-profiler-bucket-allocator-granularity=16"
    "memorysetup-profiler-bucket-allocator-bucket-count=8"
    "memorysetup-profiler-bucket-allocator-block-size=33554432"
    "memorysetup-profiler-bucket-allocator-block-count=8"
    "memorysetup-profiler-allocator-block-size=16777216"
    "memorysetup-profiler-editor-allocator-block-size=1048576"
    "memorysetup-temp-allocator-size-main=16777216"
    "memorysetup-job-temp-allocator-block-size=2097152"
    "memorysetup-job-temp-allocator-block-size-background=1048576"
    "memorysetup-job-temp-allocator-reduction-small-platforms=262144"
    "memorysetup-temp-allocator-size-background-worker=32768"
    "memorysetup-temp-allocator-size-job-worker=262144"
    "memorysetup-temp-allocator-size-preload-manager=33554432"
    "memorysetup-temp-allocator-size-nav-mesh-worker=65536"
    "memorysetup-temp-allocator-size-audio-worker=65536"
    "memorysetup-temp-allocator-size-cloud-worker=32768"
    "memorysetup-temp-allocator-size-gi-baking-worker=262144"
    "memorysetup-temp-allocator-size-gfx=262144"
Refreshing native plugins compatible for Editor in 396.33 ms, found 3 plugins.
Preloading 0 native plugins for Editor in 0.00 ms.
Initialize engine version: 2021.3.5f1 (40eb3a945986)
[Subsystems] Discovering subsystems at path C:/Program Files/Unity/Hub/Editor/2021.3.5f1/Editor/Data/Resources/UnitySubsystems
[Subsystems] Discovering subsystems at path C:/Users/user/Documents/GitHub/3D/Assets
GfxDevice: creating device client; threaded=0; jobified=0
Direct3D:
    Version:  Direct3D 11.0 [level 11.1]
    Renderer: Intel(R) HD Graphics 5500 (ID=0x1616)
    Vendor:   Intel
    VRAM:     2005 MB
    Driver:   20.19.15.4963
Initialize mono
Mono path[0] = 'C:/Program Files/Unity/Hub/Editor/2021.3.5f1/Editor/Data/Managed'
Mono path[1] = 'C:/Program Files/Unity/Hub/Editor/2021.3.5f1/Editor/Data/MonoBleedingEdge/lib/mono/unityjit-win32'
Mono config path = 'C:/Program Files/Unity/Hub/Editor/2021.3.5f1/Editor/Data/MonoBleedingEdge/etc'
Using monoOptions --debugger-agent=transport=dt_socket,embedding=1,server=y,suspend=n,address=127.0.0.1:56112
Begin MonoManager ReloadAssembly
Registering precompiled unity dll's ...
Register platform support module: C:/Program Files/Unity/Hub/Editor/2021.3.5f1/Editor/Data/PlaybackEngines/WindowsStandaloneSupport/UnityEditor.WindowsStandalone.Extensions.dll
Registered in 0.023808 seconds.
Native extension for WindowsStandalone target not found
Refreshing native plugins compatible for Editor in 276.65 ms, found 3 plugins.
Preloading 0 native plugins for Editor in 0.00 ms.
Mono: successfully reloaded assembly
- Completed reload, in  2.189 seconds
Domain Reload Profiling:
	ReloadAssembly (2190ms)
		BeginReloadAssembly (336ms)
			ExecutionOrderSort (0ms)
			DisableScriptedObjects (0ms)
			BackupInstance (0ms)
			ReleaseScriptingObjects (0ms)
			CreateAndSetChildDomain (10ms)
		EndReloadAssembly (1497ms)
			LoadAssemblies (311ms)
			RebuildTransferFunctionScriptingTraits (0ms)
			SetupTypeCache (426ms)
			ReleaseScriptCaches (0ms)
			RebuildScriptCaches (86ms)
			SetupLoadedEditorAssemblies (790ms)
				LogAssemblyErrors (0ms)
				InitializePlatformSupportModulesInManaged (21ms)
				SetLoadedEditorAssemblies (1ms)
				RefreshPlugins (277ms)
				BeforeProcessingInitializeOnLoad (2ms)
				ProcessInitializeOnLoadAttributes (355ms)
				ProcessInitializeOnLoadMethodAttributes (133ms)
				AfterProcessingInitializeOnLoad (0ms)
				EditorAssembliesLoaded (1ms)
			ExecutionOrderSort2 (0ms)
			AwakeInstancesAfterBackupRestoration (0ms)
Platform modules already initialized, skipping
Registering precompiled user dll's ...
Registered in 0.019595 seconds.
Begin MonoManager ReloadAssembly
Symbol file LoadedFromMemory doesn't match image C:\Users\user\Documents\GitHub\3D\Library\PackageCache\com.unity.visualscripting@1.7.8\Editor\VisualScripting.Core\Dependencies\YamlDotNet\Unity.VisualScripting.YamlDotNet.dll
Symbol file LoadedFromMemory doesn't match image C:\Users\user\Documents\GitHub\3D\Library\PackageCache\com.unity.visualscripting@1.7.8\Editor\VisualScripting.Core\Dependencies\DotNetZip\Unity.VisualScripting.IonicZip.dll
Native extension for WindowsStandalone target not found
Refreshing native plugins compatible for Editor in 13.30 ms, found 3 plugins.
Preloading 0 native plugins for Editor in 0.00 ms.
Mono: successfully reloaded assembly
- Completed reload, in  5.934 seconds
Domain Reload Profiling:
	ReloadAssembly (5938ms)
		BeginReloadAssembly (347ms)
			ExecutionOrderSort (0ms)
			DisableScriptedObjects (16ms)
			BackupInstance (0ms)
			ReleaseScriptingObjects (0ms)
			CreateAndSetChildDomain (41ms)
		EndReloadAssembly (5250ms)
			LoadAssemblies (379ms)
			RebuildTransferFunctionScriptingTraits (0ms)
			SetupTypeCache (1054ms)
			ReleaseScriptCaches (1ms)
			RebuildScriptCaches (138ms)
			SetupLoadedEditorAssemblies (3516ms)
				LogAssemblyErrors (0ms)
				InitializePlatformSupportModulesInManaged (38ms)
				SetLoadedEditorAssemblies (2ms)
				RefreshPlugins (19ms)
				BeforeProcessingInitializeOnLoad (1366ms)
				ProcessInitializeOnLoadAttributes (1974ms)
				ProcessInitializeOnLoadMethodAttributes (93ms)
				AfterProcessingInitializeOnLoad (19ms)
				EditorAssembliesLoaded (1ms)
			ExecutionOrderSort2 (0ms)
			AwakeInstancesAfterBackupRestoration (19ms)
Platform modules already initialized, skipping
========================================================================
Worker process is ready to serve import requests
Launched and connected shader compiler UnityShaderCompiler.exe after 0.21 seconds
Refreshing native plugins compatible for Editor in 3.10 ms, found 3 plugins.
Preloading 0 native plugins for Editor in 0.00 ms.
Unloading 3453 Unused Serialized files (Serialized files now loaded: 0)
Unloading 28 unused Assets / (510.9 KB). Loaded Objects now: 3933.
Memory consumption went from 138.5 MB to 138.0 MB.
Total: 18.880100 ms (FindLiveObjects: 0.895800 ms CreateObjectMapping: 0.566900 ms MarkObjects: 16.531200 ms  DeleteObjects: 0.881300 ms)

AssetImportParameters requested are different than current active one (requested -> active):
  custom:video-decoder-ogg-theora: a1e56fd34408186e4bbccfd4996cb3dc -> 
  custom:container-muxer-webm: aa71ff27fc2769a1b78a27578f13a17b -> 
  custom:container-demuxer-webm: 4f35f7cbe854078d1ac9338744f61a02 -> 
  custom:video-encoder-webm-vp8: eb34c28f22e8b96e1ab97ce403110664 -> 
  custom:audio-encoder-webm-vorbis: bf7c407c2cedff20999df2af8eb42d56 -> 
  custom:framework-win-MediaFoundation: 216162199b28c13a410421893ffa2e32 -> 
  custom:container-demuxer-ogg: 62fdf1f143b41e24485cea50d1cbac27 -> 
  custom:video-decoder-webm-vp8: 9c59270c3fd7afecdb556c50c9e8de78 -> 
  custom:audio-decoder-ogg-vorbis: bf7c407c2cedff20999df2af8eb42d56 -> 
========================================================================
Received Import Request.
  Time since last request: 700693.179305 seconds.
  path: Assets/Code/Button.cs
  artifactKey: Guid(28507274f28e7474ca793e8d5b88cca1) Importer(815301076,1909f56bfc062723c751e8b465ee728b)
Start importing Assets/Code/Button.cs using Guid(28507274f28e7474ca793e8d5b88cca1) Importer(815301076,1909f56bfc062723c751e8b465ee728b)  -> (artifact id: 'f6dfafdc43eefacea12c8e7d5bd1d70b') in 0.181426 seconds 
========================================================================
Received Import Request.
  Time since last request: 69.429966 seconds.
  path: Assets/Level_2/Levels/Prefabs/Axe.prefab
  artifactKey: Guid(63f9f35b3ffc9254b9cb804caad1be78) Importer(815301076,1909f56bfc062723c751e8b465ee728b)
Start importing Assets/Level_2/Levels/Prefabs/Axe.prefab using Guid(63f9f35b3ffc9254b9cb804caad1be78) Importer(815301076,1909f56bfc062723c751e8b465ee728b)  -> (artifact id: '0259c18dfbb4dc56f756f2d93a68ba23') in 0.696640 seconds 
========================================================================
Received Import Request.
  Time since last request: 0.000055 seconds.
  path: Assets/Level_2/Levels/Prefabs/BrownStone.prefab
  artifactKey: Guid(afa394f03bcf73345bc5a985bf7d1325) Importer(815301076,1909f56bfc062723c751e8b465ee728b)
Start importing Assets/Level_2/Levels/Prefabs/BrownStone.prefab using Guid(afa394f03bcf73345bc5a985bf7d1325) Importer(815301076,1909f56bfc062723c751e8b465ee728b)  -> (artifact id: 'c3a81b511867bd30ad493da079fe28c6') in 0.199766 seconds 
========================================================================
Received Import Request.
  Time since last request: 0.000089 seconds.
  path: Assets/Level_2/Levels/Prefabs/SimpleBox.prefab
  artifactKey: Guid(9158864cca99dbf459efa75134c154a9) Importer(815301076,1909f56bfc062723c751e8b465ee728b)
Start importing Assets/Level_2/Levels/Prefabs/SimpleBox.prefab using Guid(9158864cca99dbf459efa75134c154a9) Importer(815301076,1909f56bfc062723c751e8b465ee728b)  -> (artifact id: 'cebc6af6d6dc53eb5c57c8eecdc4034d') in 0.205860 seconds 
========================================================================
Received Import Request.
  Time since last request: 0.000046 seconds.
  path: Assets/Level_2/Levels/Prefabs/Box.prefab
  artifactKey: Guid(7cc6ba2f88cbc5b4abf28914ddbbf479) Importer(815301076,1909f56bfc062723c751e8b465ee728b)
Start importing Assets/Level_2/Levels/Prefabs/Box.prefab using Guid(7cc6ba2f88cbc5b4abf28914ddbbf479) Importer(815301076,1909f56bfc062723c751e8b465ee728b)  -> (artifact id: '2cd584261124a2d750019747fa9783ad') in 0.228464 seconds 
========================================================================
Received Import Request.
  Time since last request: 0.000077 seconds.
  path: Assets/Level_2/Levels/Prefabs/House.prefab
  artifactKey: Guid(14a85e37755eff549ab52282faa8b4cf) Importer(815301076,1909f56bfc062723c751e8b465ee728b)
Start importing Assets/Level_2/Levels/Prefabs/House.prefab using Guid(14a85e37755eff549ab52282faa8b4cf) Importer(815301076,1909f56bfc062723c751e8b465ee728b)  -> (artifact id: '524de709725a4051a0b8afe61992ff09') in 0.284360 seconds 
========================================================================
Received Import Request.
  Time since last request: 2.667615 seconds.
  path: Assets/Levels/Models/Sphere.prefab
  artifactKey: Guid(6eb53a9f5eaf104488c3692a44572a2d) Importer(815301076,1909f56bfc062723c751e8b465ee728b)
Start importing Assets/Levels/Models/Sphere.prefab using Guid(6eb53a9f5eaf104488c3692a44572a2d) Importer(815301076,1909f56bfc062723c751e8b465ee728b)  -> (artifact id: '290f511b69847fa331411c1c718fd4c2') in 0.096587 seconds 
========================================================================
Received Import Request.
  Time since last request: 9.935459 seconds.
  path: Assets/Level_2/ThirdParty/CottageModels/1_FBX.FBX
  artifactKey: Guid(d21003a1bed79034c9fa0d58ae6317a4) Importer(815301076,1909f56bfc062723c751e8b465ee728b)
Start importing Assets/Level_2/ThirdParty/CottageModels/1_FBX.FBX using Guid(d21003a1bed79034c9fa0d58ae6317a4) Importer(815301076,1909f56bfc062723c751e8b465ee728b)  -> (artifact id: 'b7137ba7ece7a96f74a67c5c7a39f333') in 0.478247 seconds 
========================================================================
Received Import Request.
  Time since last request: 0.000055 seconds.
  path: Assets/ThirdPart/Polylised - Medieval Desert City/Models/Props/barrel.FBX
  artifactKey: Guid(b899b109968a14f4797d7cd111cb647b) Importer(815301076,1909f56bfc062723c751e8b465ee728b)
Start importing Assets/ThirdPart/Polylised - Medieval Desert City/Models/Props/barrel.FBX using Guid(b899b109968a14f4797d7cd111cb647b) Importer(815301076,1909f56bfc062723c751e8b465ee728b)  -> (artifact id: '407c16c30502c68c8e1c92103b21b1ec') in 0.126369 seconds 
========================================================================
Received Import Request.
  Time since last request: 0.000111 seconds.
  path: Assets/ThirdPart/Polylised - Medieval Desert City/Models/Props/boat_03.FBX
  artifactKey: Guid(1fc714e0ee6763a43b1700e624f9a488) Importer(815301076,1909f56bfc062723c751e8b465ee728b)
Start importing Assets/ThirdPart/Polylised - Medieval Desert City/Models/Props/boat_03.FBX using Guid(1fc714e0ee6763a43b1700e624f9a488) Importer(815301076,1909f56bfc062723c751e8b465ee728b)  -> (artifact id: '81c548b11093eafecb9266a436a69f72') in 0.159905 seconds 
========================================================================
Received Import Request.
  Time since last request: 0.000089 seconds.
  path: Assets/ThirdPart/Polylised - Medieval Desert City/Models/Civilian_Buildings/balcony_1.FBX
  artifactKey: Guid(269b5344acfba9d4bb2c82f0a705b850) Importer(815301076,1909f56bfc062723c751e8b465ee728b)
Start importing Assets/ThirdPart/Polylised - Medieval Desert City/Models/Civilian_Buildings/balcony_1.FBX using Guid(269b5344acfba9d4bb2c82f0a705b850) Importer(815301076,1909f56bfc062723c751e8b465ee728b)  -> (artifact id: 'dbfe11df1de45be04842f2b764bf0d64') in 0.207760 seconds 
========================================================================
Received Import Request.
  Time since last request: 0.000068 seconds.
  path: Assets/ThirdPart/MegaPack1Lite/ToolsAndWeapons/Models/battle_axe.fbx
  artifactKey: Guid(56f480636f5ce4ad482c741a25b8c424) Importer(815301076,1909f56bfc062723c751e8b465ee728b)
Start importing Assets/ThirdPart/MegaPack1Lite/ToolsAndWeapons/Models/battle_axe.fbx using Guid(56f480636f5ce4ad482c741a25b8c424) Importer(815301076,1909f56bfc062723c751e8b465ee728b)  -> (artifact id: '7d8a1a09f5b17506044ed1fc6ab9dbc4') in 0.145583 seconds 
========================================================================
Received Import Request.
  Time since last request: 0.000089 seconds.
  path: Assets/ThirdPart/Polylised - Medieval Desert City/Models/Props/barrel_group.FBX
  artifactKey: Guid(a1431ac88ba4b0f4c861c48cee75e9e4) Importer(815301076,1909f56bfc062723c751e8b465ee728b)
Start importing Assets/ThirdPart/Polylised - Medieval Desert City/Models/Props/barrel_group.FBX using Guid(a1431ac88ba4b0f4c861c48cee75e9e4) Importer(815301076,1909f56bfc062723c751e8b465ee728b)  -> (artifact id: 'c8deb2bff58949b99181d828a56c86ee') in 0.105356 seconds 
========================================================================
Received Import Request.
  Time since last request: 0.000070 seconds.
  path: Assets/ThirdPart/Polylised - Medieval Desert City/Models/Props/boat_01.FBX
  artifactKey: Guid(f01c51099a9686f4a9405d4e7e5cb26a) Importer(815301076,1909f56bfc062723c751e8b465ee728b)
Start importing Assets/ThirdPart/Polylised - Medieval Desert City/Models/Props/boat_01.FBX using Guid(f01c51099a9686f4a9405d4e7e5cb26a) Importer(815301076,1909f56bfc062723c751e8b465ee728b)  -> (artifact id: '00658e30eeb204eac07ae5a0fddd86fd') in 0.127494 seconds 
========================================================================
Received Import Request.
  Time since last request: 0.000058 seconds.
  path: Assets/ThirdPart/Forest Arena/Models/BridgeFBX.fbx
  artifactKey: Guid(de100a797b84b154fa5fa5330ceab733) Importer(815301076,1909f56bfc062723c751e8b465ee728b)
Start importing Assets/ThirdPart/Forest Arena/Models/BridgeFBX.fbx using Guid(de100a797b84b154fa5fa5330ceab733) Importer(815301076,1909f56bfc062723c751e8b465ee728b)  -> (artifact id: 'c491e06b036bf83c18a7a9608af5dbeb') in 0.130094 seconds 
========================================================================
Received Import Request.
  Time since last request: 0.000114 seconds.
  path: Assets/ThirdPart/Polylised - Medieval Desert City/Models/Civilian_Buildings/balcony_3.FBX
  artifactKey: Guid(5e96d28a024c18b418bbbb7a456c20f7) Importer(815301076,1909f56bfc062723c751e8b465ee728b)
Start importing Assets/ThirdPart/Polylised - Medieval Desert City/Models/Civilian_Buildings/balcony_3.FBX using Guid(5e96d28a024c18b418bbbb7a456c20f7) Importer(815301076,1909f56bfc062723c751e8b465ee728b)  -> (artifact id: '81cbef5422b7a41b2257bc8c6fc98296') in 0.166998 seconds 
========================================================================
Received Import Request.
  Time since last request: 0.000056 seconds.
  path: Assets/Level_1/ThirdParty/Wizard/Animations/BattleWalkForward.fbx
  artifactKey: Guid(d08cb4da34e0ede4c82e968040ea86c4) Importer(815301076,1909f56bfc062723c751e8b465ee728b)
Start importing Assets/Level_1/ThirdParty/Wizard/Animations/BattleWalkForward.fbx using Guid(d08cb4da34e0ede4c82e968040ea86c4) Importer(815301076,1909f56bfc062723c751e8b465ee728b)  -> (artifact id: 'a4d0a04580eab841234af00fcdef1dfc') in 0.223477 seconds 
========================================================================
Received Import Request.
  Time since last request: 0.000085 seconds.
  path: Assets/Level_1/ThirdParty/Wizard/Animations/Attack02Maintain.fbx
  artifactKey: Guid(772ab72bc9a5db54bbf0865469eecc37) Importer(815301076,1909f56bfc062723c751e8b465ee728b)
Start importing Assets/Level_1/ThirdParty/Wizard/Animations/Attack02Maintain.fbx using Guid(772ab72bc9a5db54bbf0865469eecc37) Importer(815301076,1909f56bfc062723c751e8b465ee728b)  -> (artifact id: '06524e2f77953b341e5c662dd2c4943b') in 0.182564 seconds 
========================================================================
Received Import Request.
  Time since last request: 0.000097 seconds.
  path: Assets/ThirdPart/Forest Arena/Models/BannerFBX.fbx
  artifactKey: Guid(4ef489b8ae82cd047a8ed515ced2b578) Importer(815301076,1909f56bfc062723c751e8b465ee728b)
Start importing Assets/ThirdPart/Forest Arena/Models/BannerFBX.fbx using Guid(4ef489b8ae82cd047a8ed515ced2b578) Importer(815301076,1909f56bfc062723c751e8b465ee728b)  -> (artifact id: 'fa881528e55cce4bff653c345e119849') in 0.186256 seconds 
========================================================================
Received Import Request.
  Time since last request: 0.000072 seconds.
  path: Assets/Level_1/ThirdParty/Wizard/Animations/BattleRunForward.fbx
  artifactKey: Guid(057ecc6c28778d141a1ce011ee4a6b22) Importer(815301076,1909f56bfc062723c751e8b465ee728b)
Start importing Assets/Level_1/ThirdParty/Wizard/Animations/BattleRunForward.fbx using Guid(057ecc6c28778d141a1ce011ee4a6b22) Importer(815301076,1909f56bfc062723c751e8b465ee728b)  -> (artifact id: 'bdde9dfa90d2bf859d2be0b3aff49c55') in 0.168826 seconds 
========================================================================
Received Import Request.
  Time since last request: 0.000063 seconds.
  path: Assets/ThirdPart/Polylised - Medieval Desert City/Models/Props/boat_02.FBX
  artifactKey: Guid(9b3f216a7f371474eab056058feb31bb) Importer(815301076,1909f56bfc062723c751e8b465ee728b)
Start importing Assets/ThirdPart/Polylised - Medieval Desert City/Models/Props/boat_02.FBX using Guid(9b3f216a7f371474eab056058feb31bb) Importer(815301076,1909f56bfc062723c751e8b465ee728b)  -> (artifact id: '3e1b8d9645692673a6ddf931a273c8a8') in 0.152995 seconds 
========================================================================
Received Import Request.
  Time since last request: 24.842695 seconds.
  path: Assets/ThirdPart/Polylised - Medieval Desert City/Models/Unique_Buildings/building_base_a.FBX
  artifactKey: Guid(d0df16f92c0bef94a80314539b15eab6) Importer(815301076,1909f56bfc062723c751e8b465ee728b)
Start importing Assets/ThirdPart/Polylised - Medieval Desert City/Models/Unique_Buildings/building_base_a.FBX using Guid(d0df16f92c0bef94a80314539b15eab6) Importer(815301076,1909f56bfc062723c751e8b465ee728b)  -> (artifact id: '836abeebc55ef642b9b2125f6d3231c8') in 0.225782 seconds 
========================================================================
Received Import Request.
  Time since last request: 0.000078 seconds.
  path: Assets/ThirdPart/Polylised - Medieval Desert City/Models/Unique_Buildings/castle_gate_b.FBX
  artifactKey: Guid(261ac25f752551549bff78e81d317cb7) Importer(815301076,1909f56bfc062723c751e8b465ee728b)
Start importing Assets/ThirdPart/Polylised - Medieval Desert City/Models/Unique_Buildings/castle_gate_b.FBX using Guid(261ac25f752551549bff78e81d317cb7) Importer(815301076,1909f56bfc062723c751e8b465ee728b)  -> (artifact id: '32c7c3e751e9c9ec568175b983a313ce') in 0.160921 seconds 
========================================================================
Received Import Request.
  Time since last request: 0.000120 seconds.
  path: Assets/ThirdPart/Polylised - Medieval Desert City/Models/Unique_Buildings/castle_gate_a.FBX
  artifactKey: Guid(ee05a5bc585b53f459ae5c3a598aa081) Importer(815301076,1909f56bfc062723c751e8b465ee728b)
Start importing Assets/ThirdPart/Polylised - Medieval Desert City/Models/Unique_Buildings/castle_gate_a.FBX using Guid(ee05a5bc585b53f459ae5c3a598aa081) Importer(815301076,1909f56bfc062723c751e8b465ee728b)  -> (artifact id: '64bfe2da68593f94bf05825aeabc963f') in 0.205579 seconds 
========================================================================
Received Import Request.
  Time since last request: 0.000086 seconds.
  path: Assets/ThirdPart/Polylised - Medieval Desert City/Models/Unique_Buildings/castle_portcullis.FBX
  artifactKey: Guid(5b1a3fcb4c46b8146b202121f665d06a) Importer(815301076,1909f56bfc062723c751e8b465ee728b)
Start importing Assets/ThirdPart/Polylised - Medieval Desert City/Models/Unique_Buildings/castle_portcullis.FBX using Guid(5b1a3fcb4c46b8146b202121f665d06a) Importer(815301076,1909f56bfc062723c751e8b465ee728b)  -> (artifact id: '2d2c562f0d75038208c818e77cb4a4a4') in 0.155469 seconds 
========================================================================
Received Import Request.
  Time since last request: 76.233990 seconds.
  path: Assets/Level_2/Levels/New Terrain.asset
  artifactKey: Guid(98808c07636b20246b290723e177d5ff) Importer(815301076,1909f56bfc062723c751e8b465ee728b)
Start importing Assets/Level_2/Levels/New Terrain.asset using Guid(98808c07636b20246b290723e177d5ff) Importer(815301076,1909f56bfc062723c751e8b465ee728b)  -> (artifact id: '4eea2a666d1df4c685d3fbe6c7977901') in 0.156804 seconds 
========================================================================
Received Import Request.
  Time since last request: 155.655085 seconds.
  path: Assets/Code/Button.cs
  artifactKey: Guid(28507274f28e7474ca793e8d5b88cca1) Importer(815301076,1909f56bfc062723c751e8b465ee728b)
Start importing Assets/Code/Button.cs using Guid(28507274f28e7474ca793e8d5b88cca1) Importer(815301076,1909f56bfc062723c751e8b465ee728b)  -> (artifact id: '720f4f71973578a6b9c6f7109fde253b') in 0.005473 seconds 
========================================================================
Received Import Request.
  Time since last request: 237.926185 seconds.
  path: Assets/Level_2/Canvas.prefab
  artifactKey: Guid(1601b73377834da4bb68ff1f9678ef1f) Importer(815301076,1909f56bfc062723c751e8b465ee728b)
Start importing Assets/Level_2/Canvas.prefab using Guid(1601b73377834da4bb68ff1f9678ef1f) Importer(815301076,1909f56bfc062723c751e8b465ee728b)  -> (artifact id: 'e81743fc9c81597f171c166209d99b0f') in 0.241957 seconds 
========================================================================
Received Import Request.
  Time since last request: 0.000050 seconds.
  path: Assets/Level_2/HealthBar.prefab
  artifactKey: Guid(bda672cd46c64234cb56250beec91446) Importer(815301076,1909f56bfc062723c751e8b465ee728b)
Start importing Assets/Level_2/HealthBar.prefab using Guid(bda672cd46c64234cb56250beec91446) Importer(815301076,1909f56bfc062723c751e8b465ee728b)  -> (artifact id: '05f232a5c04ba073c79e30096a37b5a7') in 0.042160 seconds 
========================================================================
Received Import Request.
  Time since last request: 0.000109 seconds.
  path: Assets/Level_2/Temperature.prefab
  artifactKey: Guid(58a51a00f919be2449a7ba040f99347b) Importer(815301076,1909f56bfc062723c751e8b465ee728b)
Start importing Assets/Level_2/Temperature.prefab using Guid(58a51a00f919be2449a7ba040f99347b) Importer(815301076,1909f56bfc062723c751e8b465ee728b)  -> (artifact id: '74e13ba44b6ed5f52659258529b15132') in 0.083287 seconds 
========================================================================
Received Import Request.
  Time since last request: 3.965875 seconds.
  path: Assets/_TerrainAutoUpgrade/layer_Floor_013d3aba195e4d26ee.terrainlayer
  artifactKey: Guid(a9c951a211401304786e0f88a70f3aa4) Importer(815301076,1909f56bfc062723c751e8b465ee728b)
Start importing Assets/_TerrainAutoUpgrade/layer_Floor_013d3aba195e4d26ee.terrainlayer using Guid(a9c951a211401304786e0f88a70f3aa4) Importer(815301076,1909f56bfc062723c751e8b465ee728b)  -> (artifact id: 'a4c0d53891ec16c2fbb8ae6c523c2ae0') in 0.103437 seconds 
========================================================================
Received Import Request.
  Time since last request: 1.657876 seconds.
  path: Assets/ThirdPart/Wand and Circles/Polygon City Free Pack - Environment and Interior/Prefabs/Props/Awning.prefab
  artifactKey: Guid(420fe52ab6f4a194094884806f3777fa) Importer(815301076,1909f56bfc062723c751e8b465ee728b)
Start importing Assets/ThirdPart/Wand and Circles/Polygon City Free Pack - Environment and Interior/Prefabs/Props/Awning.prefab using Guid(420fe52ab6f4a194094884806f3777fa) Importer(815301076,1909f56bfc062723c751e8b465ee728b)  -> (artifact id: '58efb04e0258265de8ef937ce23cca1c') in 0.215526 seconds 
========================================================================
Received Import Request.
  Time since last request: 0.000062 seconds.
  path: Assets/ThirdPart/Polylised - Medieval Desert City/Prefabs/prefab_civilian_buildings/balcony_3.prefab
  artifactKey: Guid(473dc35e42dda5641bd3241cece97eea) Importer(815301076,1909f56bfc062723c751e8b465ee728b)
Start importing Assets/ThirdPart/Polylised - Medieval Desert City/Prefabs/prefab_civilian_buildings/balcony_3.prefab using Guid(473dc35e42dda5641bd3241cece97eea) Importer(815301076,1909f56bfc062723c751e8b465ee728b)  -> (artifact id: 'd039b1e7c89d71e89426846ee99acc55') in 0.049119 seconds 
========================================================================
Received Import Request.
  Time since last request: 0.000068 seconds.
  path: Assets/ThirdPart/Polylised - Medieval Desert City/Prefabs/prefab_props/barrel.prefab
  artifactKey: Guid(55eac99f5049e5045a42f2528f476504) Importer(815301076,1909f56bfc062723c751e8b465ee728b)
Start importing Assets/ThirdPart/Polylised - Medieval Desert City/Prefabs/prefab_props/barrel.prefab using Guid(55eac99f5049e5045a42f2528f476504) Importer(815301076,1909f56bfc062723c751e8b465ee728b)  -> (artifact id: '645caee67aae560564b7a9335d5eff30') in 0.048158 seconds 
========================================================================
Received Import Request.
  Time since last request: 0.000040 seconds.
  path: Assets/ThirdPart/Polylised - Medieval Desert City/Prefabs/prefab_civilian_buildings/balcony_2.prefab
  artifactKey: Guid(d9994290a3429744c9b00201ba123d54) Importer(815301076,1909f56bfc062723c751e8b465ee728b)
Start importing Assets/ThirdPart/Polylised - Medieval Desert City/Prefabs/prefab_civilian_buildings/balcony_2.prefab using Guid(d9994290a3429744c9b00201ba123d54) Importer(815301076,1909f56bfc062723c751e8b465ee728b)  -> (artifact id: 'aae78ee14b552fd512d834f27a559b82') in 0.048902 seconds 
========================================================================
Received Import Request.
  Time since last request: 0.000046 seconds.
  path: Assets/ThirdPart/Forest Arena/PrefabsBlue/Pieces/BannerBlue.prefab
  artifactKey: Guid(db102576eb836d94a857fa67e5db659e) Importer(815301076,1909f56bfc062723c751e8b465ee728b)
Start importing Assets/ThirdPart/Forest Arena/PrefabsBlue/Pieces/BannerBlue.prefab using Guid(db102576eb836d94a857fa67e5db659e) Importer(815301076,1909f56bfc062723c751e8b465ee728b)  -> (artifact id: '5464b32687370366b7ce11308732e0ee') in 0.113096 seconds 
========================================================================
Received Import Request.
  Time since last request: 0.000068 seconds.
  path: Assets/ThirdPart/Wand and Circles/Polygon City Free Pack - Environment and Interior/Prefabs/Stones/Big Stones/Big stone_1.prefab
  artifactKey: Guid(b23e5be9ef1ac4c45b532fb7fb0f7edf) Importer(815301076,1909f56bfc062723c751e8b465ee728b)
Start importing Assets/ThirdPart/Wand and Circles/Polygon City Free Pack - Environment and Interior/Prefabs/Stones/Big Stones/Big stone_1.prefab using Guid(b23e5be9ef1ac4c45b532fb7fb0f7edf) Importer(815301076,1909f56bfc062723c751e8b465ee728b)  -> (artifact id: '2e4069df583bc568c8a3b84435a5b068') in 0.070558 seconds 
========================================================================
Received Import Request.
  Time since last request: 0.000097 seconds.
  path: Assets/ThirdPart/Wand and Circles/Polygon City Free Pack - Environment and Interior/Prefabs/Props/Bath.prefab
  artifactKey: Guid(7fb2cfb6c1dd3524abc5badb8f7da2fc) Importer(815301076,1909f56bfc062723c751e8b465ee728b)
Start importing Assets/ThirdPart/Wand and Circles/Polygon City Free Pack - Environment and Interior/Prefabs/Props/Bath.prefab using Guid(7fb2cfb6c1dd3524abc5badb8f7da2fc) Importer(815301076,1909f56bfc062723c751e8b465ee728b)  -> (artifact id: '76ca148f670e11595a570c98fe600edf') in 0.107239 seconds 
========================================================================
Received Import Request.
  Time since last request: 0.000054 seconds.
  path: Assets/ThirdPart/Wand and Circles/Polygon City Free Pack - Environment and Interior/Prefabs/Props/Bed.prefab
  artifactKey: Guid(2bb28de3bad3c464d9eac3553f03a80d) Importer(815301076,1909f56bfc062723c751e8b465ee728b)
Start importing Assets/ThirdPart/Wand and Circles/Polygon City Free Pack - Environment and Interior/Prefabs/Props/Bed.prefab using Guid(2bb28de3bad3c464d9eac3553f03a80d) Importer(815301076,1909f56bfc062723c751e8b465ee728b)  -> (artifact id: '47ab1908b3bb32675a30d3bd4566336a') in 0.076439 seconds 
========================================================================
Received Import Request.
  Time since last request: 0.000105 seconds.
  path: Assets/ThirdPart/Wand and Circles/Polygon City Free Pack - Environment and Interior/Prefabs/Props/Barrel.prefab
  artifactKey: Guid(2e324f98fec5eb644937a11ec2aa516f) Importer(815301076,1909f56bfc062723c751e8b465ee728b)
Start importing Assets/ThirdPart/Wand and Circles/Polygon City Free Pack - Environment and Interior/Prefabs/Props/Barrel.prefab using Guid(2e324f98fec5eb644937a11ec2aa516f) Importer(815301076,1909f56bfc062723c751e8b465ee728b)  -> (artifact id: '5277684065bda9c4774acb4dbaa00d8e') in 0.070545 seconds 
========================================================================
Received Import Request.
  Time since last request: 0.000066 seconds.
  path: Assets/ThirdPart/Wand and Circles/Polygon City Free Pack - Environment and Interior/Prefabs/Props/Barrel 4.prefab
  artifactKey: Guid(f16e4caecb55b0b489beca4bedc29547) Importer(815301076,1909f56bfc062723c751e8b465ee728b)
Start importing Assets/ThirdPart/Wand and Circles/Polygon City Free Pack - Environment and Interior/Prefabs/Props/Barrel 4.prefab using Guid(f16e4caecb55b0b489beca4bedc29547) Importer(815301076,1909f56bfc062723c751e8b465ee728b)  -> (artifact id: '7c3b5c92caa825e83712997decac4707') in 0.121006 seconds 
========================================================================
Received Import Request.
  Time since last request: 0.000051 seconds.
  path: Assets/ThirdPart/Wand and Circles/Polygon City Free Pack - Environment and Interior/Prefabs/Props/Awning 2.prefab
  artifactKey: Guid(2f44a6ca4e2a56c42afd9783843dc4d6) Importer(815301076,1909f56bfc062723c751e8b465ee728b)
Start importing Assets/ThirdPart/Wand and Circles/Polygon City Free Pack - Environment and Interior/Prefabs/Props/Awning 2.prefab using Guid(2f44a6ca4e2a56c42afd9783843dc4d6) Importer(815301076,1909f56bfc062723c751e8b465ee728b)  -> (artifact id: '1e648dfa99317297de67e318328cb9b4') in 0.115772 seconds 
========================================================================
Received Import Request.
  Time since last request: 0.000142 seconds.
  path: Assets/ThirdPart/Forest Arena/PrefabsRed/Pieces/BannerREDSmall.prefab
  artifactKey: Guid(97082509ed098dc4b908b2cffc1ce6f6) Importer(815301076,1909f56bfc062723c751e8b465ee728b)
Start importing Assets/ThirdPart/Forest Arena/PrefabsRed/Pieces/BannerREDSmall.prefab using Guid(97082509ed098dc4b908b2cffc1ce6f6) Importer(815301076,1909f56bfc062723c751e8b465ee728b)  -> (artifact id: 'c82cda27a190e2367cacb9f45a8516dc') in 0.131338 seconds 
========================================================================
Received Import Request.
  Time since last request: 0.003612 seconds.
  path: Assets/ThirdPart/Forest Arena/PrefabsRed/Pieces/BannerRED.prefab
  artifactKey: Guid(e92c77f66160f094e9b62b8ad6ac2c01) Importer(815301076,1909f56bfc062723c751e8b465ee728b)
Start importing Assets/ThirdPart/Forest Arena/PrefabsRed/Pieces/BannerRED.prefab using Guid(e92c77f66160f094e9b62b8ad6ac2c01) Importer(815301076,1909f56bfc062723c751e8b465ee728b)  -> (artifact id: '911446cd776b405b3a0f1f71a5027f20') in 0.096071 seconds 
========================================================================
Received Import Request.
  Time since last request: 0.000143 seconds.
  path: Assets/ThirdPart/Wand and Circles/Polygon City Free Pack - Environment and Interior/Prefabs/Props/Barrel 1.prefab
  artifactKey: Guid(fff4e5e4aefa66e4b9dfcbe9839a687e) Importer(815301076,1909f56bfc062723c751e8b465ee728b)
Start importing Assets/ThirdPart/Wand and Circles/Polygon City Free Pack - Environment and Interior/Prefabs/Props/Barrel 1.prefab using Guid(fff4e5e4aefa66e4b9dfcbe9839a687e) Importer(815301076,1909f56bfc062723c751e8b465ee728b)  -> (artifact id: '082da132d441917d5577211b8c7c8c08') in 0.118694 seconds 
========================================================================
Received Import Request.
  Time since last request: 0.000091 seconds.
  path: Assets/ThirdPart/MegaPack1Lite/ToolsAndWeapons/Prefabs/battle_axe.prefab
  artifactKey: Guid(4ae6742f50b4c4d91be50bcbadb35fbd) Importer(815301076,1909f56bfc062723c751e8b465ee728b)
Start importing Assets/ThirdPart/MegaPack1Lite/ToolsAndWeapons/Prefabs/battle_axe.prefab using Guid(4ae6742f50b4c4d91be50bcbadb35fbd) Importer(815301076,1909f56bfc062723c751e8b465ee728b)  -> (artifact id: '0f57bdca797de55bd2a0b2299280415b') in 0.066728 seconds 
========================================================================
Received Import Request.
  Time since last request: 8.482240 seconds.
  path: Assets/Level_1/ThirdParty/Wizard/Animations/DefendHit.fbx
  artifactKey: Guid(e7da2deb9071c004cb067139c9064ae4) Importer(815301076,1909f56bfc062723c751e8b465ee728b)
Start importing Assets/Level_1/ThirdParty/Wizard/Animations/DefendHit.fbx using Guid(e7da2deb9071c004cb067139c9064ae4) Importer(815301076,1909f56bfc062723c751e8b465ee728b)  -> (artifact id: '21fe3484132a9a8cb4f9d36f07190116') in 0.148519 seconds 
========================================================================
Received Import Request.
  Time since last request: 0.000060 seconds.
  path: Assets/Level_1/ThirdParty/Wizard/Animations/JumpAirAttack.fbx
  artifactKey: Guid(0ea920bff0bc70345a1ac988ac997e73) Importer(815301076,1909f56bfc062723c751e8b465ee728b)
Start importing Assets/Level_1/ThirdParty/Wizard/Animations/JumpAirAttack.fbx using Guid(0ea920bff0bc70345a1ac988ac997e73) Importer(815301076,1909f56bfc062723c751e8b465ee728b)  -> (artifact id: 'bfddeefda5e1f4bbcc36c86760b183a2') in 0.160465 seconds 
========================================================================
Received Import Request.
  Time since last request: 0.000118 seconds.
  path: Assets/Level_1/ThirdParty/Wizard/Animations/Interact.fbx
  artifactKey: Guid(4a412c425e347044d9bd20cf127cd4c9) Importer(815301076,1909f56bfc062723c751e8b465ee728b)
Start importing Assets/Level_1/ThirdParty/Wizard/Animations/Interact.fbx using Guid(4a412c425e347044d9bd20cf127cd4c9) Importer(815301076,1909f56bfc062723c751e8b465ee728b)  -> (artifact id: 'd91149571f23f0bcc321e579f3e2cdb9') in 0.175981 seconds 
========================================================================
Received Import Request.
  Time since last request: 0.000081 seconds.
  path: Assets/Level_1/ThirdParty/Wizard/Animations/JumpUpAttack.fbx
  artifactKey: Guid(00ac993e870df7c4b9425dfb0e4dcce7) Importer(815301076,1909f56bfc062723c751e8b465ee728b)
Start importing Assets/Level_1/ThirdParty/Wizard/Animations/JumpUpAttack.fbx using Guid(00ac993e870df7c4b9425dfb0e4dcce7) Importer(815301076,1909f56bfc062723c751e8b465ee728b)  -> (artifact id: 'a678e98224e4112608deec1f0046418f') in 0.137221 seconds 
========================================================================
Received Import Request.
  Time since last request: 0.000053 seconds.
  path: Assets/Level_1/ThirdParty/Wizard/Animations/DieRecovery.fbx
  artifactKey: Guid(6cece5862609d2446a5ba4c9cc2d8b08) Importer(815301076,1909f56bfc062723c751e8b465ee728b)
Start importing Assets/Level_1/ThirdParty/Wizard/Animations/DieRecovery.fbx using Guid(6cece5862609d2446a5ba4c9cc2d8b08) Importer(815301076,1909f56bfc062723c751e8b465ee728b)  -> (artifact id: 'd6e895bcd41ceefa4f7720aefa1bd93d') in 0.188210 seconds 
========================================================================
Received Import Request.
  Time since last request: 0.000169 seconds.
  path: Assets/Level_1/ThirdParty/Wizard/Animations/JumpStart.fbx
  artifactKey: Guid(5a98a2bd7109a9049b48458fe460aefb) Importer(815301076,1909f56bfc062723c751e8b465ee728b)
Start importing Assets/Level_1/ThirdParty/Wizard/Animations/JumpStart.fbx using Guid(5a98a2bd7109a9049b48458fe460aefb) Importer(815301076,1909f56bfc062723c751e8b465ee728b)  -> (artifact id: 'c5417e955b808b7f265c5c73ba99c150') in 0.160085 seconds 
========================================================================
Received Import Request.
  Time since last request: 0.000062 seconds.
  path: Assets/Level_1/ThirdParty/Wizard/Animations/PotionDrink.fbx
  artifactKey: Guid(e5325ecccbec8e94f957227cd2b72fca) Importer(815301076,1909f56bfc062723c751e8b465ee728b)
Start importing Assets/Level_1/ThirdParty/Wizard/Animations/PotionDrink.fbx using Guid(e5325ecccbec8e94f957227cd2b72fca) Importer(815301076,1909f56bfc062723c751e8b465ee728b)  -> (artifact id: '7c2fa9199527cbd2b528c0999f6159cd') in 0.183286 seconds 
========================================================================
Received Import Request.
  Time since last request: 0.000058 seconds.
  path: Assets/Level_1/ThirdParty/Wizard/Animations/GetHit.fbx
  artifactKey: Guid(2f592d5d1c1add446a8b3c2ff3f18a4e) Importer(815301076,1909f56bfc062723c751e8b465ee728b)
Start importing Assets/Level_1/ThirdParty/Wizard/Animations/GetHit.fbx using Guid(2f592d5d1c1add446a8b3c2ff3f18a4e) Importer(815301076,1909f56bfc062723c751e8b465ee728b)  -> (artifact id: 'ae82f623b3fdc8d3d6bf8d10cc9221bc') in 0.171609 seconds 
========================================================================
Received Import Request.
  Time since last request: 0.000097 seconds.
  path: Assets/Level_1/ThirdParty/Wizard/Animations/VictoryMaintain.fbx
  artifactKey: Guid(b016241d6c755924faa72ef01f6917f3) Importer(815301076,1909f56bfc062723c751e8b465ee728b)
Start importing Assets/Level_1/ThirdParty/Wizard/Animations/VictoryMaintain.fbx using Guid(b016241d6c755924faa72ef01f6917f3) Importer(815301076,1909f56bfc062723c751e8b465ee728b)  -> (artifact id: '47812dda45ff4e1aa83d1c2083c20016') in 0.156908 seconds 
========================================================================
Received Import Request.
  Time since last request: 0.000062 seconds.
  path: Assets/Level_1/ThirdParty/Wizard/Animations/Dizzy.fbx
  artifactKey: Guid(7d2e0a865aa3eca4a9fa04b999ad8f25) Importer(815301076,1909f56bfc062723c751e8b465ee728b)
Start importing Assets/Level_1/ThirdParty/Wizard/Animations/Dizzy.fbx using Guid(7d2e0a865aa3eca4a9fa04b999ad8f25) Importer(815301076,1909f56bfc062723c751e8b465ee728b)  -> (artifact id: 'b827f6c79331e647a51fdd0f2b994256') in 0.162701 seconds 
========================================================================
Received Import Request.
  Time since last request: 3.531268 seconds.
  path: Assets/ThirdPart/Forest Arena/Textures/BarrelUVPSD.psd
  artifactKey: Guid(aa9f987d9c5c2cb4e83f06b03bee7e1c) Importer(815301076,1909f56bfc062723c751e8b465ee728b)
Start importing Assets/ThirdPart/Forest Arena/Textures/BarrelUVPSD.psd using Guid(aa9f987d9c5c2cb4e83f06b03bee7e1c) Importer(815301076,1909f56bfc062723c751e8b465ee728b)  -> (artifact id: '874424aca84a2b2678b46f59bb28e74e') in 0.106907 seconds 
========================================================================
Received Import Request.
  Time since last request: 0.000055 seconds.
  path: Assets/ThirdPart/MegaPack1Lite/TropicalIslandPack1/Models/Materials/BushLeaves1.mat
  artifactKey: Guid(bdc7c48f5b4a0416db74696c59e06a35) Importer(815301076,1909f56bfc062723c751e8b465ee728b)
Start importing Assets/ThirdPart/MegaPack1Lite/TropicalIslandPack1/Models/Materials/BushLeaves1.mat using Guid(bdc7c48f5b4a0416db74696c59e06a35) Importer(815301076,1909f56bfc062723c751e8b465ee728b)  -> (artifact id: '8244f4289052aa3e465e1235bf723324') in 0.226601 seconds 
========================================================================
Received Import Request.
  Time since last request: 0.054018 seconds.
  path: Assets/FireEffect/OtherAssets/Graphics/cfxr smoke cloud x4 ab lit soft individual.mat
  artifactKey: Guid(75bda02c67d09b04399d1912243a32b2) Importer(815301076,1909f56bfc062723c751e8b465ee728b)
Start importing Assets/FireEffect/OtherAssets/Graphics/cfxr smoke cloud x4 ab lit soft individual.mat using Guid(75bda02c67d09b04399d1912243a32b2) Importer(815301076,1909f56bfc062723c751e8b465ee728b)  -> (artifact id: '9df2bd9a7620229e53363108ced493af') in 0.767347 seconds 
========================================================================
Received Import Request.
  Time since last request: 0.000054 seconds.
  path: Assets/ThirdPart/Polylised - Medieval Desert City/Models/Civilian_Buildings/civilian_bridge_3_b.FBX
  artifactKey: Guid(03d4ee4b3bb0b6742a79c029804f6d8c) Importer(815301076,1909f56bfc062723c751e8b465ee728b)
Start importing Assets/ThirdPart/Polylised - Medieval Desert City/Models/Civilian_Buildings/civilian_bridge_3_b.FBX using Guid(03d4ee4b3bb0b6742a79c029804f6d8c) Importer(815301076,1909f56bfc062723c751e8b465ee728b)  -> (artifact id: '9a5d5a616b28f9174f9d9c0ba4247c09') in 0.129835 seconds 
========================================================================
Received Import Request.
  Time since last request: 0.001432 seconds.
  path: Assets/FireEffect/OtherAssets/Graphics/cfxr smoke cloud x4 ab lit soft individual mid shadow.mat
  artifactKey: Guid(6444139dd170a7249acc68e412bfd00f) Importer(815301076,1909f56bfc062723c751e8b465ee728b)
Start importing Assets/FireEffect/OtherAssets/Graphics/cfxr smoke cloud x4 ab lit soft individual mid shadow.mat using Guid(6444139dd170a7249acc68e412bfd00f) Importer(815301076,1909f56bfc062723c751e8b465ee728b)  -> (artifact id: 'ab50a968a1bc364634173b0a45d95ce3') in 0.094401 seconds 
========================================================================
Received Import Request.
  Time since last request: 0.000095 seconds.
  path: Assets/ThirdPart/Polylised - Medieval Desert City/Models/Civilian_Buildings/civilian_bridge_1_b.FBX
  artifactKey: Guid(7a2154c4a046f564cbdaa7f4476f743c) Importer(815301076,1909f56bfc062723c751e8b465ee728b)
Start importing Assets/ThirdPart/Polylised - Medieval Desert City/Models/Civilian_Buildings/civilian_bridge_1_b.FBX using Guid(7a2154c4a046f564cbdaa7f4476f743c) Importer(815301076,1909f56bfc062723c751e8b465ee728b)  -> (artifact id: 'af17b71f828f3f051c695edc279aa585') in 0.156480 seconds 
========================================================================
Received Import Request.
  Time since last request: 0.000067 seconds.
  path: Assets/ThirdPart/Polylised - Medieval Desert City/Models/Civilian_Buildings/civilian_bridge_2_c.FBX
  artifactKey: Guid(9320bddde81452349a3c7addb1246399) Importer(815301076,1909f56bfc062723c751e8b465ee728b)
Start importing Assets/ThirdPart/Polylised - Medieval Desert City/Models/Civilian_Buildings/civilian_bridge_2_c.FBX using Guid(9320bddde81452349a3c7addb1246399) Importer(815301076,1909f56bfc062723c751e8b465ee728b)  -> (artifact id: '964853989b6a5b061e7b0f5c2c66dc5b') in 0.118830 seconds 
========================================================================
Received Import Request.
  Time since last request: 0.000068 seconds.
  path: Assets/ThirdPart/Polylised - Medieval Desert City/Models/Civilian_Buildings/civilian_bridge_2_b.FBX
  artifactKey: Guid(6ab0d11cdb825204eb30f9fe6bb0e339) Importer(815301076,1909f56bfc062723c751e8b465ee728b)
Start importing Assets/ThirdPart/Polylised - Medieval Desert City/Models/Civilian_Buildings/civilian_bridge_2_b.FBX using Guid(6ab0d11cdb825204eb30f9fe6bb0e339) Importer(815301076,1909f56bfc062723c751e8b465ee728b)  -> (artifact id: 'b379e8ded1998f4d21d4be18b87d7bbf') in 0.168318 seconds 
========================================================================
Received Import Request.
  Time since last request: 0.000204 seconds.
  path: Assets/ThirdPart/Polylised - Medieval Desert City/Prefabs/prefab_civilian_buildings/civilian_bridge_1_a.prefab
  artifactKey: Guid(67250b40a6676684c8c551e4a1fddcdf) Importer(815301076,1909f56bfc062723c751e8b465ee728b)
Start importing Assets/ThirdPart/Polylised - Medieval Desert City/Prefabs/prefab_civilian_buildings/civilian_bridge_1_a.prefab using Guid(67250b40a6676684c8c551e4a1fddcdf) Importer(815301076,1909f56bfc062723c751e8b465ee728b)  -> (artifact id: 'bab4d0fdc9f6a63a59afaf13c14ed9d1') in 0.096486 seconds 
========================================================================
Received Import Request.
  Time since last request: 0.000073 seconds.
  path: Assets/ThirdPart/Polylised - Medieval Desert City/Prefabs/prefab_civilian_buildings/civilian_bridge_1_c.prefab
  artifactKey: Guid(ab2f50faa3d91bc4aaebd0b9e5afeabb) Importer(815301076,1909f56bfc062723c751e8b465ee728b)
Start importing Assets/ThirdPart/Polylised - Medieval Desert City/Prefabs/prefab_civilian_buildings/civilian_bridge_1_c.prefab using Guid(ab2f50faa3d91bc4aaebd0b9e5afeabb) Importer(815301076,1909f56bfc062723c751e8b465ee728b)  -> (artifact id: '894a6756e21e77f0ce6b502d6de4a606') in 0.073085 seconds 
========================================================================
Received Import Request.
  Time since last request: 0.000100 seconds.
  path: Assets/ThirdPart/Polylised - Medieval Desert City/Prefabs/prefab_civilian_buildings/civilian_bridge_2_b.prefab
  artifactKey: Guid(9ca16bd2c0008114883d448b97fda8cd) Importer(815301076,1909f56bfc062723c751e8b465ee728b)
Start importing Assets/ThirdPart/Polylised - Medieval Desert City/Prefabs/prefab_civilian_buildings/civilian_bridge_2_b.prefab using Guid(9ca16bd2c0008114883d448b97fda8cd) Importer(815301076,1909f56bfc062723c751e8b465ee728b)  -> (artifact id: '64178a005cad726fef4c0a30a25bd85e') in 0.083913 seconds 
========================================================================
Received Import Request.
  Time since last request: 0.391323 seconds.
  path: Assets/TextMesh Pro/Examples & Extras/Resources/Fonts & Materials/Anton SDF - Drop Shadow.mat
  artifactKey: Guid(749b9069dc4742c5bfa5c74644049926) Importer(815301076,1909f56bfc062723c751e8b465ee728b)
Start importing Assets/TextMesh Pro/Examples & Extras/Resources/Fonts & Materials/Anton SDF - Drop Shadow.mat using Guid(749b9069dc4742c5bfa5c74644049926) Importer(815301076,1909f56bfc062723c751e8b465ee728b)  -> (artifact id: '7faa96a612855386139e831405b65082') in 0.111276 seconds 
========================================================================
Received Import Request.
  Time since last request: 0.000054 seconds.
  path: Assets/TextMesh Pro/Examples & Extras/Resources/Fonts & Materials/Bangers SDF Glow.mat
  artifactKey: Guid(d75b8f41e959450c84ac6e967084d3e1) Importer(815301076,1909f56bfc062723c751e8b465ee728b)
Start importing Assets/TextMesh Pro/Examples & Extras/Resources/Fonts & Materials/Bangers SDF Glow.mat using Guid(d75b8f41e959450c84ac6e967084d3e1) Importer(815301076,1909f56bfc062723c751e8b465ee728b)  -> (artifact id: '0e398f9e33109f85e8082827793934db') in 0.101401 seconds 
========================================================================
Received Import Request.
  Time since last request: 0.426825 seconds.
  path: Assets/ThirdPart/MegaPack1Lite/GreekPack1Lite/Models/greek_wall_2_window.fbx
  artifactKey: Guid(bdae47c1ddf3049358f11421fa3be74b) Importer(815301076,1909f56bfc062723c751e8b465ee728b)
Start importing Assets/ThirdPart/MegaPack1Lite/GreekPack1Lite/Models/greek_wall_2_window.fbx using Guid(bdae47c1ddf3049358f11421fa3be74b) Importer(815301076,1909f56bfc062723c751e8b465ee728b)  -> (artifact id: 'fbf7929ade258f35daf6e3b1d05d00e4') in 0.089546 seconds 
========================================================================
Received Import Request.
  Time since last request: 0.000038 seconds.
  path: Assets/ThirdPart/MegaPack1Lite/RomanCityPack1Lite/Models/Roman/roman_window_shutters_1_offset.fbx
  artifactKey: Guid(6e804b4df6bb148388f332c92aa33d13) Importer(815301076,1909f56bfc062723c751e8b465ee728b)
Start importing Assets/ThirdPart/MegaPack1Lite/RomanCityPack1Lite/Models/Roman/roman_window_shutters_1_offset.fbx using Guid(6e804b4df6bb148388f332c92aa33d13) Importer(815301076,1909f56bfc062723c751e8b465ee728b)  -> (artifact id: '7544a105429db93e013e176420898c48') in 0.159450 seconds 
========================================================================
Received Import Request.
  Time since last request: 0.000060 seconds.
  path: Assets/ThirdPart/Polylised - Medieval Desert City/Models/Civilian_Buildings/standard_rooftop_window.FBX
  artifactKey: Guid(611a3c198f7d2c94dabfb5b66f16dabb) Importer(815301076,1909f56bfc062723c751e8b465ee728b)
Start importing Assets/ThirdPart/Polylised - Medieval Desert City/Models/Civilian_Buildings/standard_rooftop_window.FBX using Guid(611a3c198f7d2c94dabfb5b66f16dabb) Importer(815301076,1909f56bfc062723c751e8b465ee728b)  -> (artifact id: '857532bad223896819a63fa4539fd824') in 0.153885 seconds 
========================================================================
Received Import Request.
  Time since last request: 0.000203 seconds.
  path: Assets/ThirdPart/MegaPack1Lite/RomanCityPack1Lite/Models/Roman/Optimized/roman_window_shutters_1.fbx
  artifactKey: Guid(2b95d1eff87ae49358a470bdc80feafa) Importer(815301076,1909f56bfc062723c751e8b465ee728b)
Start importing Assets/ThirdPart/MegaPack1Lite/RomanCityPack1Lite/Models/Roman/Optimized/roman_window_shutters_1.fbx using Guid(2b95d1eff87ae49358a470bdc80feafa) Importer(815301076,1909f56bfc062723c751e8b465ee728b)  -> (artifact id: 'a083384849eb57df20a9e6af353b6ea3') in 0.225568 seconds 
========================================================================
Received Import Request.
  Time since last request: 0.000185 seconds.
  path: Assets/ThirdPart/Polylised - Medieval Desert City/Models/Civilian_Buildings/standard_window_2.FBX
  artifactKey: Guid(90c26c42e77aeb44abaa72a0ee720610) Importer(815301076,1909f56bfc062723c751e8b465ee728b)
Start importing Assets/ThirdPart/Polylised - Medieval Desert City/Models/Civilian_Buildings/standard_window_2.FBX using Guid(90c26c42e77aeb44abaa72a0ee720610) Importer(815301076,1909f56bfc062723c751e8b465ee728b)  -> (artifact id: '091592308f6b3b7b95a601bc66343df9') in 0.201522 seconds 
========================================================================
Received Import Request.
  Time since last request: 0.000082 seconds.
  path: Assets/ThirdPart/MegaPack1Lite/RomanCityPack1Lite/Prefabs/Models/Standard/roman_window_shutters_1_offset.prefab
  artifactKey: Guid(e36415be1865046cfb501b93ba9c15df) Importer(815301076,1909f56bfc062723c751e8b465ee728b)
Start importing Assets/ThirdPart/MegaPack1Lite/RomanCityPack1Lite/Prefabs/Models/Standard/roman_window_shutters_1_offset.prefab using Guid(e36415be1865046cfb501b93ba9c15df) Importer(815301076,1909f56bfc062723c751e8b465ee728b)  -> (artifact id: '9896563efcf89f4f2bd0e2d20434cf75') in 0.068962 seconds 
========================================================================
Received Import Request.
  Time since last request: 0.010200 seconds.
  path: Assets/ThirdPart/MegaPack1Lite/SciFiPack1/Prefabs/scifi_wall_bowed_window_round.prefab
  artifactKey: Guid(97384239fadec4e2cb9f1cf8023339ee) Importer(815301076,1909f56bfc062723c751e8b465ee728b)
Start importing Assets/ThirdPart/MegaPack1Lite/SciFiPack1/Prefabs/scifi_wall_bowed_window_round.prefab using Guid(97384239fadec4e2cb9f1cf8023339ee) Importer(815301076,1909f56bfc062723c751e8b465ee728b)  -> (artifact id: '679dfaf347b93a0d521dcc5de046c08a') in 0.350038 seconds 
========================================================================
Received Import Request.
  Time since last request: 0.000086 seconds.
  path: Assets/ThirdPart/Polylised - Medieval Desert City/Prefabs/prefab_civilian_buildings/standard_rooftop_window.prefab
  artifactKey: Guid(20fad2715d170e34d98615cc2c57aea5) Importer(815301076,1909f56bfc062723c751e8b465ee728b)
Start importing Assets/ThirdPart/Polylised - Medieval Desert City/Prefabs/prefab_civilian_buildings/standard_rooftop_window.prefab using Guid(20fad2715d170e34d98615cc2c57aea5) Importer(815301076,1909f56bfc062723c751e8b465ee728b)  -> (artifact id: '951a4327c2fe0ed406fe1624f849d295') in 0.086370 seconds 
========================================================================
Received Import Request.
  Time since last request: 0.000199 seconds.
  path: Assets/ThirdPart/MegaPack1Lite/RomanCityPack1Lite/Models/Roman/Optimized/roman_window_shutters_1_offset.fbx
  artifactKey: Guid(35f10f94070de458795f83612c5c5ede) Importer(815301076,1909f56bfc062723c751e8b465ee728b)
Start importing Assets/ThirdPart/MegaPack1Lite/RomanCityPack1Lite/Models/Roman/Optimized/roman_window_shutters_1_offset.fbx using Guid(35f10f94070de458795f83612c5c5ede) Importer(815301076,1909f56bfc062723c751e8b465ee728b)  -> (artifact id: 'c0bd0631af76156220665f3796666c7e') in 0.253935 seconds 
========================================================================
Received Import Request.
  Time since last request: 3.714501 seconds.
  path: Assets/Level_1/ThirdParty/Wizard
  artifactKey: Guid(11609eefc0bdd4df08fb37cc3f5582ed) Importer(815301076,1909f56bfc062723c751e8b465ee728b)
Start importing Assets/Level_1/ThirdParty/Wizard using Guid(11609eefc0bdd4df08fb37cc3f5582ed) Importer(815301076,1909f56bfc062723c751e8b465ee728b)  -> (artifact id: '0943eb7070171928d4a204ed1ca481dc') in 0.034613 seconds 
========================================================================
Received Import Request.
  Time since last request: 2.311114 seconds.
  path: Assets/Level_1/ThirdParty/Wizard/Models
  artifactKey: Guid(e7f255dd32b819c4c85b13b3ff796faa) Importer(815301076,1909f56bfc062723c751e8b465ee728b)
Start importing Assets/Level_1/ThirdParty/Wizard/Models using Guid(e7f255dd32b819c4c85b13b3ff796faa) Importer(815301076,1909f56bfc062723c751e8b465ee728b)  -> (artifact id: '510ee97c92ec4eacdd96ec9dbf2a7efc') in 0.047088 seconds 
========================================================================
Received Import Request.
  Time since last request: 0.216268 seconds.
  path: Assets/Level_1/ThirdParty/Wizard/Models/StaffModel.fbx
  artifactKey: Guid(199d5221dad59a74aa0d8d47e83e6e03) Importer(815301076,1909f56bfc062723c751e8b465ee728b)
Start importing Assets/Level_1/ThirdParty/Wizard/Models/StaffModel.fbx using Guid(199d5221dad59a74aa0d8d47e83e6e03) Importer(815301076,1909f56bfc062723c751e8b465ee728b)  -> (artifact id: '158af324c0dfc3ccc7286fcd18c5e720') in 0.066981 seconds 
========================================================================
Received Import Request.
  Time since last request: 543.586870 seconds.
  path: Assets/Level_1/ThirdParty/Wizard/Models/WizardModel.fbx
  artifactKey: Guid(bed7a092d53e7c748bd65db98cebf9d6) Importer(815301076,1909f56bfc062723c751e8b465ee728b)
Start importing Assets/Level_1/ThirdParty/Wizard/Models/WizardModel.fbx using Guid(bed7a092d53e7c748bd65db98cebf9d6) Importer(815301076,1909f56bfc062723c751e8b465ee728b)  -> (artifact id: '3fcb3fcabbd014bd0495f946cb40e794') in 0.137877 seconds 
========================================================================
Received Import Request.
  Time since last request: 48.240837 seconds.
  path: Assets/Level_1/ThirdParty/Wizard/Animations/VictoryStart.fbx
  artifactKey: Guid(308b48c15b0fc8d4a83d4703f4dbeb3f) Importer(815301076,1909f56bfc062723c751e8b465ee728b)
Start importing Assets/Level_1/ThirdParty/Wizard/Animations/VictoryStart.fbx using Guid(308b48c15b0fc8d4a83d4703f4dbeb3f) Importer(815301076,1909f56bfc062723c751e8b465ee728b)  -> (artifact id: '1862cdc80966ec2088d8df4d92a96bbf') in 0.104720 seconds 
========================================================================
Received Import Request.
  Time since last request: 48.790806 seconds.
  path: Assets/Level_1/ThirdParty/Wizard/Animations
  artifactKey: Guid(193950663e37d184da99c9e8c1bbff55) Importer(815301076,1909f56bfc062723c751e8b465ee728b)
Start importing Assets/Level_1/ThirdParty/Wizard/Animations using Guid(193950663e37d184da99c9e8c1bbff55) Importer(815301076,1909f56bfc062723c751e8b465ee728b)  -> (artifact id: 'b5ebf122cacbd3d432b0512284071f74') in 0.043524 seconds 
========================================================================
Received Import Request.
  Time since last request: 91.959677 seconds.
  path: Assets/Level_1/ThirdParty/Wizard/Animations/WizardAnim.controller
  artifactKey: Guid(414d05e8f1b6d1e45b28bab146daa6d5) Importer(815301076,1909f56bfc062723c751e8b465ee728b)
Start importing Assets/Level_1/ThirdParty/Wizard/Animations/WizardAnim.controller using Guid(414d05e8f1b6d1e45b28bab146daa6d5) Importer(815301076,1909f56bfc062723c751e8b465ee728b)  -> (artifact id: '76f75f1de21444f68f7fdd920d69c862') in 0.027292 seconds 
========================================================================
Received Import Request.
  Time since last request: 354.471289 seconds.
  path: Assets/ThirdPart/Forest Arena/Materials/Bridge.mat
  artifactKey: Guid(1929cf8d19545ab449ab2f1fb10e0f06) Importer(815301076,1909f56bfc062723c751e8b465ee728b)
Start importing Assets/ThirdPart/Forest Arena/Materials/Bridge.mat using Guid(1929cf8d19545ab449ab2f1fb10e0f06) Importer(815301076,1909f56bfc062723c751e8b465ee728b)  -> (artifact id: '31ba072301e98ea28b05a0cac2f8c01d') in 0.078987 seconds 
========================================================================
Received Import Request.
  Time since last request: 0.000051 seconds.
  path: Assets/FireEffect/OtherAssets/Graphics/cfxr hidden.mat
  artifactKey: Guid(7e3ff0d2def0b2a4d88ba94ab7c3e683) Importer(815301076,1909f56bfc062723c751e8b465ee728b)
Start importing Assets/FireEffect/OtherAssets/Graphics/cfxr hidden.mat using Guid(7e3ff0d2def0b2a4d88ba94ab7c3e683) Importer(815301076,1909f56bfc062723c751e8b465ee728b)  -> (artifact id: '81e3e7a1a551fd9c07bac6459e08b9a6') in 0.250179 seconds 
========================================================================
Received Import Request.
  Time since last request: 0.000054 seconds.
  path: Assets/FireEffect/OtherAssets/Graphics/cfxr flamme plain mid fine hdr ab.mat
  artifactKey: Guid(e00e5f048f949bc4dac1b85325a691bf) Importer(815301076,1909f56bfc062723c751e8b465ee728b)
Start importing Assets/FireEffect/OtherAssets/Graphics/cfxr flamme plain mid fine hdr ab.mat using Guid(e00e5f048f949bc4dac1b85325a691bf) Importer(815301076,1909f56bfc062723c751e8b465ee728b)  -> (artifact id: 'b55ff35980273ca4c1ce9216744619c1') in 0.368909 seconds 
========================================================================
Received Import Request.
  Time since last request: 0.000103 seconds.
  path: Assets/ThirdPart/Polylised - Medieval Desert City/Models/Unique_Buildings/citadel_bridge.FBX
  artifactKey: Guid(3bb9d063a89b65548ad1df3aa1919330) Importer(815301076,1909f56bfc062723c751e8b465ee728b)
Start importing Assets/ThirdPart/Polylised - Medieval Desert City/Models/Unique_Buildings/citadel_bridge.FBX using Guid(3bb9d063a89b65548ad1df3aa1919330) Importer(815301076,1909f56bfc062723c751e8b465ee728b)  -> (artifact id: '74710f0149872deb8f87c34fcd8da70b') in 0.089316 seconds 
========================================================================
Received Import Request.
  Time since last request: 0.000058 seconds.
  path: Assets/FireEffect/OtherAssets/Graphics/cfxr flamme crisp mid hdr ab.mat
  artifactKey: Guid(87210e6cc6e78844cb678fb0fac0a15f) Importer(815301076,1909f56bfc062723c751e8b465ee728b)
Start importing Assets/FireEffect/OtherAssets/Graphics/cfxr flamme crisp mid hdr ab.mat using Guid(87210e6cc6e78844cb678fb0fac0a15f) Importer(815301076,1909f56bfc062723c751e8b465ee728b)  -> (artifact id: 'cb80abe6e7ec8dccfdc64f4d8cf14018') in 0.103337 seconds 
========================================================================
Received Import Request.
  Time since last request: 0.000048 seconds.
  path: Assets/FireEffect/OtherAssets/Graphics/cfxr flamme plain mid hdr ab.mat
  artifactKey: Guid(79806570957f1ae44a69055e0fad62f0) Importer(815301076,1909f56bfc062723c751e8b465ee728b)
Start importing Assets/FireEffect/OtherAssets/Graphics/cfxr flamme plain mid hdr ab.mat using Guid(79806570957f1ae44a69055e0fad62f0) Importer(815301076,1909f56bfc062723c751e8b465ee728b)  -> (artifact id: 'f2c8261d9936b57e64d2426ae9f256c3') in 0.099684 seconds 
========================================================================
Received Import Request.
  Time since last request: 0.000078 seconds.
  path: Assets/ThirdParty/Turtle/Animations/TurtleShell/IdleNormal_TurtleShell_Anim.fbx
  artifactKey: Guid(1b1e02561fcbcf64c82b7c02dfb9f53b) Importer(815301076,1909f56bfc062723c751e8b465ee728b)
Start importing Assets/ThirdParty/Turtle/Animations/TurtleShell/IdleNormal_TurtleShell_Anim.fbx using Guid(1b1e02561fcbcf64c82b7c02dfb9f53b) Importer(815301076,1909f56bfc062723c751e8b465ee728b)  -> (artifact id: '2e0dcef3796801c6e9f212b80af01d2c') in 0.087717 seconds 
========================================================================
Received Import Request.
  Time since last request: 45.896665 seconds.
  path: Assets/ThirdPart/Polylised - Medieval Desert City/Prefabs/prefab_unique_buildings/castle_wall_2,5m.prefab
  artifactKey: Guid(430f6f101fc52be4d9169a97e35a8355) Importer(815301076,1909f56bfc062723c751e8b465ee728b)
Start importing Assets/ThirdPart/Polylised - Medieval Desert City/Prefabs/prefab_unique_buildings/castle_wall_2,5m.prefab using Guid(430f6f101fc52be4d9169a97e35a8355) Importer(815301076,1909f56bfc062723c751e8b465ee728b)  -> (artifact id: '6e604a8f3282a5c74be2adebc60de4d1') in 0.077285 seconds 
========================================================================
Received Import Request.
  Time since last request: 0.000046 seconds.
  path: Assets/ThirdPart/Polylised - Medieval Desert City/Prefabs/prefab_unique_buildings/castle_wall_10m.prefab
  artifactKey: Guid(cc7ebc849fa32c34f8182aecf45c5bd6) Importer(815301076,1909f56bfc062723c751e8b465ee728b)
Start importing Assets/ThirdPart/Polylised - Medieval Desert City/Prefabs/prefab_unique_buildings/castle_wall_10m.prefab using Guid(cc7ebc849fa32c34f8182aecf45c5bd6) Importer(815301076,1909f56bfc062723c751e8b465ee728b)  -> (artifact id: '1d10a918085fb31e9f9d5b3ae86ea1b5') in 0.063475 seconds 
========================================================================
Received Import Request.
  Time since last request: 0.000056 seconds.
  path: Assets/ThirdPart/Polylised - Medieval Desert City/Models/Unique_Buildings/castle_wall_corner_b.FBX
  artifactKey: Guid(23f7df39782ef59468f371bfa6e726d7) Importer(815301076,1909f56bfc062723c751e8b465ee728b)
Start importing Assets/ThirdPart/Polylised - Medieval Desert City/Models/Unique_Buildings/castle_wall_corner_b.FBX using Guid(23f7df39782ef59468f371bfa6e726d7) Importer(815301076,1909f56bfc062723c751e8b465ee728b)  -> (artifact id: 'c60f80b8ed5b69a58169813ff157b01e') in 0.119039 seconds 
========================================================================
Received Import Request.
  Time since last request: 0.000069 seconds.
  path: Assets/ThirdPart/Polylised - Medieval Desert City/Models/Unique_Buildings/castle_wall_incline_lower.FBX
  artifactKey: Guid(0204f868ad22d9f45a5b4b577e99d1cf) Importer(815301076,1909f56bfc062723c751e8b465ee728b)
Start importing Assets/ThirdPart/Polylised - Medieval Desert City/Models/Unique_Buildings/castle_wall_incline_lower.FBX using Guid(0204f868ad22d9f45a5b4b577e99d1cf) Importer(815301076,1909f56bfc062723c751e8b465ee728b)  -> (artifact id: '7b836a86ac95807ad1e5d098b45083ed') in 0.116896 seconds 
========================================================================
Received Import Request.
  Time since last request: 0.000064 seconds.
  path: Assets/ThirdPart/Polylised - Medieval Desert City/Prefabs/prefab_unique_buildings/castle_wall_incline_lower.prefab
  artifactKey: Guid(f4a0e82704596ec4cb1fb2b1fb1e6285) Importer(815301076,1909f56bfc062723c751e8b465ee728b)
Start importing Assets/ThirdPart/Polylised - Medieval Desert City/Prefabs/prefab_unique_buildings/castle_wall_incline_lower.prefab using Guid(f4a0e82704596ec4cb1fb2b1fb1e6285) Importer(815301076,1909f56bfc062723c751e8b465ee728b)  -> (artifact id: '240155bc1becb2738fa8746f40d3052d') in 0.063651 seconds 
========================================================================
Received Import Request.
  Time since last request: 0.000089 seconds.
  path: Assets/ThirdPart/Polylised - Medieval Desert City/Models/Unique_Buildings/castle_wall_15m.FBX
  artifactKey: Guid(d80e2cb9a00dc204c9d38efaca9285c6) Importer(815301076,1909f56bfc062723c751e8b465ee728b)
Start importing Assets/ThirdPart/Polylised - Medieval Desert City/Models/Unique_Buildings/castle_wall_15m.FBX using Guid(d80e2cb9a00dc204c9d38efaca9285c6) Importer(815301076,1909f56bfc062723c751e8b465ee728b)  -> (artifact id: 'f42e4a49cf3d4eb5151bfb6afa351df4') in 0.104513 seconds 
========================================================================
Received Import Request.
  Time since last request: 0.000069 seconds.
  path: Assets/ThirdPart/Polylised - Medieval Desert City/Models/Unique_Buildings/castle_wall_corner_a.FBX
  artifactKey: Guid(db20f96f575428e41b67d94a2a1c0fd8) Importer(815301076,1909f56bfc062723c751e8b465ee728b)
Start importing Assets/ThirdPart/Polylised - Medieval Desert City/Models/Unique_Buildings/castle_wall_corner_a.FBX using Guid(db20f96f575428e41b67d94a2a1c0fd8) Importer(815301076,1909f56bfc062723c751e8b465ee728b)  -> (artifact id: '28561eca98b3ec1d18014b362ad50961') in 0.114255 seconds 
========================================================================
Received Import Request.
  Time since last request: 0.000038 seconds.
  path: Assets/ThirdPart/Polylised - Medieval Desert City/Prefabs/prefab_unique_buildings/castle_wall_15m.prefab
  artifactKey: Guid(52b2dd90b973b4b4cae0206dc54205e3) Importer(815301076,1909f56bfc062723c751e8b465ee728b)
Start importing Assets/ThirdPart/Polylised - Medieval Desert City/Prefabs/prefab_unique_buildings/castle_wall_15m.prefab using Guid(52b2dd90b973b4b4cae0206dc54205e3) Importer(815301076,1909f56bfc062723c751e8b465ee728b)  -> (artifact id: '69b9f9f770ac2e84e645dff9ff1b42b9') in 0.072122 seconds 
========================================================================
Received Import Request.
  Time since last request: 0.789650 seconds.
  path: Assets/ThirdPart/Polylised - Medieval Desert City/Prefabs/prefab_unique_buildings/castle_wall_incline_uper.prefab
  artifactKey: Guid(08527eefb817b6342b9e1864101eb44b) Importer(815301076,1909f56bfc062723c751e8b465ee728b)
Start importing Assets/ThirdPart/Polylised - Medieval Desert City/Prefabs/prefab_unique_buildings/castle_wall_incline_uper.prefab using Guid(08527eefb817b6342b9e1864101eb44b) Importer(815301076,1909f56bfc062723c751e8b465ee728b)  -> (artifact id: '2f3e47efc26c43fb2c6fa0e64150d172') in 0.045896 seconds 
========================================================================
Received Import Request.
  Time since last request: 0.000143 seconds.
  path: Assets/ThirdPart/Polylised - Medieval Desert City/Models/Unique_Buildings/citadel_wall_a.FBX
  artifactKey: Guid(0d2f9593c52242b4da8e97c09e209d51) Importer(815301076,1909f56bfc062723c751e8b465ee728b)
Start importing Assets/ThirdPart/Polylised - Medieval Desert City/Models/Unique_Buildings/citadel_wall_a.FBX using Guid(0d2f9593c52242b4da8e97c09e209d51) Importer(815301076,1909f56bfc062723c751e8b465ee728b)  -> (artifact id: 'cbc29e5f415e5d2d06faaff4424ef62a') in 0.102655 seconds 
========================================================================
Received Import Request.
  Time since last request: 54.340798 seconds.
  path: Assets/TextMesh Pro/Examples & Extras/Textures/Brushed Metal 3.jpg
  artifactKey: Guid(f88677df267a41d6be1e7a6133e7d227) Importer(815301076,1909f56bfc062723c751e8b465ee728b)
Start importing Assets/TextMesh Pro/Examples & Extras/Textures/Brushed Metal 3.jpg using Guid(f88677df267a41d6be1e7a6133e7d227) Importer(815301076,1909f56bfc062723c751e8b465ee728b)  -> (artifact id: '399fea7978755f700e69c92aee910ccf') in 0.175201 seconds 
========================================================================
Received Import Request.
  Time since last request: 0.000041 seconds.
  path: Assets/ThirdPart/Polylised - Medieval Desert City/Models/Civilian_Buildings/civilian_house_ruin_d.FBX
  artifactKey: Guid(c111e49cd13eacf46ab666393220e890) Importer(815301076,1909f56bfc062723c751e8b465ee728b)
Start importing Assets/ThirdPart/Polylised - Medieval Desert City/Models/Civilian_Buildings/civilian_house_ruin_d.FBX using Guid(c111e49cd13eacf46ab666393220e890) Importer(815301076,1909f56bfc062723c751e8b465ee728b)  -> (artifact id: '5813b63875320c4bb6fe5de7050d42a6') in 0.108012 seconds 
========================================================================
Received Import Request.
  Time since last request: 0.000060 seconds.
  path: Assets/ThirdPart/Polylised - Medieval Desert City/Prefabs/prefab_civilian_buildings/civilian_house_ruin_e.prefab
  artifactKey: Guid(b17928c38ad69b341854a1d83a2f64a7) Importer(815301076,1909f56bfc062723c751e8b465ee728b)
Start importing Assets/ThirdPart/Polylised - Medieval Desert City/Prefabs/prefab_civilian_buildings/civilian_house_ruin_e.prefab using Guid(b17928c38ad69b341854a1d83a2f64a7) Importer(815301076,1909f56bfc062723c751e8b465ee728b)  -> (artifact id: '3e4c339682d4d903eec4d60a38b11b27') in 0.086192 seconds 
========================================================================
Received Import Request.
  Time since last request: 0.000037 seconds.
  path: Assets/ThirdPart/Polylised - Medieval Desert City/Models/Unique_Buildings/crusader_headquarter.FBX
  artifactKey: Guid(a742f54a31396744f823b786554411b4) Importer(815301076,1909f56bfc062723c751e8b465ee728b)
Start importing Assets/ThirdPart/Polylised - Medieval Desert City/Models/Unique_Buildings/crusader_headquarter.FBX using Guid(a742f54a31396744f823b786554411b4) Importer(815301076,1909f56bfc062723c751e8b465ee728b)  -> (artifact id: 'f3cc81b2717e72d595e6174abfab74a9') in 0.133292 seconds 
========================================================================
Received Import Request.
  Time since last request: 0.000059 seconds.
  path: Assets/ThirdPart/Nature pack extended/Materials/Mesh1_Trunk_Alt_ModelMat.mat
  artifactKey: Guid(9e365818cbd7d2e489a37bcd7dbe7542) Importer(815301076,1909f56bfc062723c751e8b465ee728b)
Start importing Assets/ThirdPart/Nature pack extended/Materials/Mesh1_Trunk_Alt_ModelMat.mat using Guid(9e365818cbd7d2e489a37bcd7dbe7542) Importer(815301076,1909f56bfc062723c751e8b465ee728b)  -> (artifact id: '6bb11cb6e15bdffe65f5b478b8ba2ab0') in 0.064127 seconds 
========================================================================
Received Import Request.
  Time since last request: 0.000069 seconds.
  path: Assets/ThirdPart/Nature pack extended/naturePack_086.obj
  artifactKey: Guid(b30ca052aede1c34aab2a055d4c942de) Importer(815301076,1909f56bfc062723c751e8b465ee728b)
Start importing Assets/ThirdPart/Nature pack extended/naturePack_086.obj using Guid(b30ca052aede1c34aab2a055d4c942de) Importer(815301076,1909f56bfc062723c751e8b465ee728b)  -> (artifact id: '8faaeb1a1331c2e7921fcaacbcc7a080') in 0.138706 seconds 
========================================================================
Received Import Request.
  Time since last request: 0.000077 seconds.
  path: Assets/ThirdPart/Polylised - Medieval Desert City/Prefabs/prefab_civilian_buildings/civilian_house_ruin_c.prefab
  artifactKey: Guid(56ab64e7b97c8d84eba97d049c739f25) Importer(815301076,1909f56bfc062723c751e8b465ee728b)
Start importing Assets/ThirdPart/Polylised - Medieval Desert City/Prefabs/prefab_civilian_buildings/civilian_house_ruin_c.prefab using Guid(56ab64e7b97c8d84eba97d049c739f25) Importer(815301076,1909f56bfc062723c751e8b465ee728b)  -> (artifact id: '518f4eb293fa8a8633e0fc96858d97c3') in 0.056850 seconds 
========================================================================
Received Import Request.
  Time since last request: 0.000047 seconds.
  path: Assets/ThirdPart/Nature pack extended/naturePack_108.obj
  artifactKey: Guid(17dbcb11b7464cb4c9ad434b437c3c12) Importer(815301076,1909f56bfc062723c751e8b465ee728b)
Start importing Assets/ThirdPart/Nature pack extended/naturePack_108.obj using Guid(17dbcb11b7464cb4c9ad434b437c3c12) Importer(815301076,1909f56bfc062723c751e8b465ee728b)  -> (artifact id: 'd7e3f5a11b90dd34923048578cc9484e') in 0.107496 seconds 
========================================================================
Received Import Request.
  Time since last request: 0.000068 seconds.
  path: Assets/TextMesh Pro/Examples & Extras/Textures/Fruit Jelly (B&W).jpg
  artifactKey: Guid(1cdc5b506b1a4a33a53c30669ced1f51) Importer(815301076,1909f56bfc062723c751e8b465ee728b)
Start importing Assets/TextMesh Pro/Examples & Extras/Textures/Fruit Jelly (B&W).jpg using Guid(1cdc5b506b1a4a33a53c30669ced1f51) Importer(815301076,1909f56bfc062723c751e8b465ee728b)  -> (artifact id: 'f31d1087a66f14797bc0122766fd9d1a') in 0.086980 seconds 
========================================================================
Received Import Request.
  Time since last request: 0.000058 seconds.
  path: Assets/FireEffect/OtherAssets/Scripts/CFXR Runtime.asmdef
  artifactKey: Guid(785156d0baf9e564e92265c9169511bb) Importer(815301076,1909f56bfc062723c751e8b465ee728b)
Start importing Assets/FireEffect/OtherAssets/Scripts/CFXR Runtime.asmdef using Guid(785156d0baf9e564e92265c9169511bb) Importer(815301076,1909f56bfc062723c751e8b465ee728b)  -> (artifact id: 'abcde2dd440ff2e49958cbfeb98e54a4') in 0.041204 seconds 
========================================================================
Received Import Request.
  Time since last request: 0.000059 seconds.
  path: Assets/ThirdPart/Polylised - Medieval Desert City/Models/Civilian_Buildings/civilian_house_ruin_f.FBX
  artifactKey: Guid(55fc939a272f96f4ea545e125ec1d5fa) Importer(815301076,1909f56bfc062723c751e8b465ee728b)
Start importing Assets/ThirdPart/Polylised - Medieval Desert City/Models/Civilian_Buildings/civilian_house_ruin_f.FBX using Guid(55fc939a272f96f4ea545e125ec1d5fa) Importer(815301076,1909f56bfc062723c751e8b465ee728b)  -> (artifact id: 'a19b56ce004f7518e83c7258822d637c') in 0.071044 seconds 
========================================================================
Received Import Request.
  Time since last request: 0.000044 seconds.
  path: Assets/ThirdPart/Polylised - Medieval Desert City/Prefabs/prefab_unique_buildings/crusader_headquarter.prefab
  artifactKey: Guid(f448e9bc82e30394a811011a5c3b6183) Importer(815301076,1909f56bfc062723c751e8b465ee728b)
Start importing Assets/ThirdPart/Polylised - Medieval Desert City/Prefabs/prefab_unique_buildings/crusader_headquarter.prefab using Guid(f448e9bc82e30394a811011a5c3b6183) Importer(815301076,1909f56bfc062723c751e8b465ee728b)  -> (artifact id: 'bce1fc343820fda9c0ded01c03355d20') in 0.056963 seconds 
========================================================================
Received Import Request.
  Time since last request: 0.000068 seconds.
  path: Assets/ThirdPart/Nature pack extended/naturePack_109.obj
  artifactKey: Guid(ec060f00fa132144f842992e47b698e8) Importer(815301076,1909f56bfc062723c751e8b465ee728b)
Start importing Assets/ThirdPart/Nature pack extended/naturePack_109.obj using Guid(ec060f00fa132144f842992e47b698e8) Importer(815301076,1909f56bfc062723c751e8b465ee728b)  -> (artifact id: '42867f9a8231a13ea42c17bf343a8bba') in 0.126361 seconds 
